// Jest Snapshot v1, https://goo.gl/fbAQLP

exports['App Component should contains main container 1'] = `
<div>
  Hello!!!
</div>
`;
